// Jest Snapshot v1, https://goo.gl/fbAQLP

exports['FooterComponent Should match snapshot 1'] = 'ShallowWrapper {}'
