// Jest Snapshot v1, https://goo.gl/fbAQLP

exports['BannerComponent Should match snapshot 1'] = 'ShallowWrapper {}'
