// Jest Snapshot v1, https://goo.gl/fbAQLP

exports['Carrinho Component Should match snapshot 1'] = 'ShallowWrapper {}'
